error TS2468: Cannot find global value 'Promise'.
node_modules/@reduxjs/toolkit/dist/index.d.ts(251,206): error TS2583: Cannot find name 'WeakSet'. Do you need to change your target library? Try changing the 'lib' compiler option to 'es2015' or later.
node_modules/@reduxjs/toolkit/dist/index.d.ts(360,17): error TS2585: 'Symbol' only refers to a type, but is being used as a value here. Do you need to change your target library? Try changing the 'lib' compiler option to es2015 or later.
node_modules/@reduxjs/toolkit/dist/index.d.ts(2592,14): error TS2583: Cannot find name 'Set'. Do you need to change your target library? Try changing the 'lib' compiler option to 'es2015' or later.
node_modules/@reduxjs/toolkit/node_modules/immer/dist/immer.d.ts(31,35): error TS2583: Cannot find name 'WeakMap'. Do you need to change your target library? Try changing the 'lib' compiler option to 'es2015' or later.
node_modules/@reduxjs/toolkit/node_modules/immer/dist/immer.d.ts(31,68): error TS2583: Cannot find name 'WeakSet'. Do you need to change your target library? Try changing the 'lib' compiler option to 'es2015' or later.
node_modules/@reduxjs/toolkit/node_modules/immer/dist/immer.d.ts(37,86): error TS2304: Cannot find name 'ReadonlyMap'.
node_modules/@reduxjs/toolkit/node_modules/immer/dist/immer.d.ts(37,118): error TS2583: Cannot find name 'Map'. Do you need to change your target library? Try changing the 'lib' compiler option to 'es2015' or later.
node_modules/@reduxjs/toolkit/node_modules/immer/dist/immer.d.ts(37,154): error TS2304: Cannot find name 'ReadonlySet'.
node_modules/@reduxjs/toolkit/node_modules/immer/dist/immer.d.ts(37,177): error TS2583: Cannot find name 'Set'. Do you need to change your target library? Try changing the 'lib' compiler option to 'es2015' or later.
node_modules/@reduxjs/toolkit/node_modules/immer/dist/immer.d.ts(39,90): error TS2304: Cannot find name 'ReadonlyMap'.
node_modules/@reduxjs/toolkit/node_modules/immer/dist/immer.d.ts(39,122): error TS2304: Cannot find name 'ReadonlyMap'.
node_modules/@reduxjs/toolkit/node_modules/immer/dist/immer.d.ts(39,174): error TS2304: Cannot find name 'ReadonlySet'.
node_modules/@reduxjs/toolkit/node_modules/immer/dist/immer.d.ts(39,197): error TS2304: Cannot find name 'ReadonlySet'.
node_modules/@reduxjs/toolkit/node_modules/immer/dist/immer.d.ts(117,15): error TS2583: Cannot find name 'Set'. Do you need to change your target library? Try changing the 'lib' compiler option to 'es2015' or later.
node_modules/@reduxjs/toolkit/node_modules/immer/dist/immer.d.ts(118,15): error TS2583: Cannot find name 'Map'. Do you need to change your target library? Try changing the 'lib' compiler option to 'es2015' or later.
node_modules/@types/babel__template/index.d.ts(11,28): error TS2583: Cannot find name 'Set'. Do you need to change your target library? Try changing the 'lib' compiler option to 'es2015' or later.
node_modules/@types/babel__traverse/index.d.ts(63,15): error TS2583: Cannot find name 'WeakMap'. Do you need to change your target library? Try changing the 'lib' compiler option to 'es2015' or later.
node_modules/@types/babel__traverse/index.d.ts(63,31): error TS2583: Cannot find name 'Map'. Do you need to change your target library? Try changing the 'lib' compiler option to 'es2015' or later.
node_modules/@types/babel__traverse/index.d.ts(64,16): error TS2583: Cannot find name 'WeakMap'. Do you need to change your target library? Try changing the 'lib' compiler option to 'es2015' or later.
node_modules/@types/babel__traverse/index.d.ts(90,13): error TS2583: Cannot find name 'Map'. Do you need to change your target library? Try changing the 'lib' compiler option to 'es2015' or later.
node_modules/@types/d3-array/index.d.ts(58,31): error TS2304: Cannot find name 'Iterable'.
node_modules/@types/d3-array/index.d.ts(63,50): error TS2304: Cannot find name 'Iterable'.
node_modules/@types/d3-array/index.d.ts(68,15): error TS2304: Cannot find name 'Iterable'.
node_modules/@types/d3-array/index.d.ts(69,48): error TS2304: Cannot find name 'Iterable'.
node_modules/@types/d3-array/index.d.ts(75,15): error TS2304: Cannot find name 'Iterable'.
node_modules/@types/d3-array/index.d.ts(76,48): error TS2304: Cannot find name 'Iterable'.
node_modules/@types/d3-array/index.d.ts(82,36): error TS2304: Cannot find name 'Iterable'.
node_modules/@types/d3-array/index.d.ts(87,15): error TS2304: Cannot find name 'Iterable'.
node_modules/@types/d3-array/index.d.ts(88,53): error TS2304: Cannot find name 'Iterable'.
node_modules/@types/d3-array/index.d.ts(93,36): error TS2304: Cannot find name 'Iterable'.
node_modules/@types/d3-array/index.d.ts(98,31): error TS2304: Cannot find name 'Iterable'.
node_modules/@types/d3-array/index.d.ts(102,50): error TS2304: Cannot find name 'Iterable'.
node_modules/@types/d3-array/index.d.ts(107,15): error TS2304: Cannot find name 'Iterable'.
node_modules/@types/d3-array/index.d.ts(108,48): error TS2304: Cannot find name 'Iterable'.
node_modules/@types/d3-array/index.d.ts(114,15): error TS2304: Cannot find name 'Iterable'.
node_modules/@types/d3-array/index.d.ts(115,48): error TS2304: Cannot find name 'Iterable'.
node_modules/@types/d3-array/index.d.ts(121,36): error TS2304: Cannot find name 'Iterable'.
node_modules/@types/d3-array/index.d.ts(126,15): error TS2304: Cannot find name 'Iterable'.
node_modules/@types/d3-array/index.d.ts(127,53): error TS2304: Cannot find name 'Iterable'.
node_modules/@types/d3-array/index.d.ts(133,34): error TS2304: Cannot find name 'Iterable'.
node_modules/@types/d3-array/index.d.ts(137,53): error TS2304: Cannot find name 'Iterable'.
node_modules/@types/d3-array/index.d.ts(142,15): error TS2304: Cannot find name 'Iterable'.
node_modules/@types/d3-array/index.d.ts(143,48): error TS2304: Cannot find name 'Iterable'.
node_modules/@types/d3-array/index.d.ts(149,15): error TS2304: Cannot find name 'Iterable'.
node_modules/@types/d3-array/index.d.ts(150,48): error TS2304: Cannot find name 'Iterable'.
node_modules/@types/d3-array/index.d.ts(160,32): error TS2304: Cannot find name 'Iterable'.
node_modules/@types/d3-array/index.d.ts(169,15): error TS2304: Cannot find name 'Iterable'.
node_modules/@types/d3-array/index.d.ts(170,48): error TS2304: Cannot find name 'Iterable'.
node_modules/@types/d3-array/index.d.ts(176,31): error TS2304: Cannot find name 'Iterable'.
node_modules/@types/d3-array/index.d.ts(181,15): error TS2304: Cannot find name 'Iterable'.
node_modules/@types/d3-array/index.d.ts(182,48): error TS2304: Cannot find name 'Iterable'.
node_modules/@types/d3-array/index.d.ts(188,32): error TS2304: Cannot find name 'Iterable'.
node_modules/@types/d3-array/index.d.ts(193,15): error TS2304: Cannot find name 'Iterable'.
node_modules/@types/d3-array/index.d.ts(194,48): error TS2304: Cannot find name 'Iterable'.
node_modules/@types/d3-array/index.d.ts(200,34): error TS2304: Cannot find name 'Iterable'.
node_modules/@types/d3-array/index.d.ts(205,15): error TS2304: Cannot find name 'Iterable'.
node_modules/@types/d3-array/index.d.ts(206,46): error TS2304: Cannot find name 'Iterable'.
node_modules/@types/d3-array/index.d.ts(212,39): error TS2304: Cannot find name 'Iterable'.
node_modules/@types/d3-array/index.d.ts(217,15): error TS2304: Cannot find name 'Iterable'.
node_modules/@types/d3-array/index.d.ts(218,46): error TS2304: Cannot find name 'Iterable'.
node_modules/@types/d3-array/index.d.ts(227,34): error TS2304: Cannot find name 'Iterable'.
node_modules/@types/d3-array/index.d.ts(235,15): error TS2304: Cannot find name 'Iterable'.
node_modules/@types/d3-array/index.d.ts(236,46): error TS2304: Cannot find name 'Iterable'.
node_modules/@types/d3-array/index.d.ts(244,36): error TS2304: Cannot find name 'Iterable'.
node_modules/@types/d3-array/index.d.ts(251,15): error TS2304: Cannot find name 'Iterable'.
node_modules/@types/d3-array/index.d.ts(253,46): error TS2304: Cannot find name 'Iterable'.
node_modules/@types/d3-array/index.d.ts(259,41): error TS2304: Cannot find name 'Iterable'.
node_modules/@types/d3-array/index.d.ts(264,15): error TS2304: Cannot find name 'Iterable'.
node_modules/@types/d3-array/index.d.ts(266,46): error TS2304: Cannot find name 'Iterable'.
node_modules/@types/d3-array/index.d.ts(294,32): error TS2304: Cannot find name 'Iterable'.
node_modules/@types/d3-array/index.d.ts(303,15): error TS2304: Cannot find name 'Iterable'.
node_modules/@types/d3-array/index.d.ts(305,45): error TS2304: Cannot find name 'Iterable'.
node_modules/@types/d3-array/index.d.ts(315,36): error TS2304: Cannot find name 'Iterable'.
node_modules/@types/d3-array/index.d.ts(323,15): error TS2304: Cannot find name 'Iterable'.
node_modules/@types/d3-array/index.d.ts(324,48): error TS2304: Cannot find name 'Iterable'.
node_modules/@types/d3-array/index.d.ts(330,37): error TS2304: Cannot find name 'Iterable'.
node_modules/@types/d3-array/index.d.ts(336,15): error TS2304: Cannot find name 'Iterable'.
node_modules/@types/d3-array/index.d.ts(337,48): error TS2304: Cannot find name 'Iterable'.
node_modules/@types/d3-array/index.d.ts(344,30): error TS2304: Cannot find name 'Iterable'.
node_modules/@types/d3-array/index.d.ts(350,13): error TS2304: Cannot find name 'Iterable'.
node_modules/@types/d3-array/index.d.ts(351,48): error TS2304: Cannot find name 'Iterable'.
node_modules/@types/d3-array/index.d.ts(358,33): error TS2304: Cannot find name 'Iterable'.
node_modules/@types/d3-array/index.d.ts(364,13): error TS2304: Cannot find name 'Iterable'.
node_modules/@types/d3-array/index.d.ts(365,48): error TS2304: Cannot find name 'Iterable'.
node_modules/@types/d3-array/index.d.ts(394,36): error TS2304: Cannot find name 'Iterable'.
node_modules/@types/d3-array/index.d.ts(398,36): error TS2304: Cannot find name 'Iterable'.
node_modules/@types/d3-array/index.d.ts(403,38): error TS2304: Cannot find name 'Iterable'.
node_modules/@types/d3-array/index.d.ts(407,41): error TS2304: Cannot find name 'Iterable'.
node_modules/@types/d3-array/index.d.ts(412,41): error TS2304: Cannot find name 'Iterable'.
node_modules/@types/d3-array/index.d.ts(419,39): error TS2304: Cannot find name 'Iterable'.
node_modules/@types/d3-array/index.d.ts(425,39): error TS2304: Cannot find name 'Iterable'.
node_modules/@types/d3-array/index.d.ts(432,41): error TS2304: Cannot find name 'Iterable'.
node_modules/@types/d3-array/index.d.ts(438,44): error TS2304: Cannot find name 'Iterable'.
node_modules/@types/d3-array/index.d.ts(445,44): error TS2304: Cannot find name 'Iterable'.
node_modules/@types/d3-array/index.d.ts(511,15): error TS2304: Cannot find name 'Iterable'.
node_modules/@types/d3-array/index.d.ts(524,15): error TS2304: Cannot find name 'Iterable'.
node_modules/@types/d3-array/index.d.ts(537,15): error TS2304: Cannot find name 'Iterable'.
node_modules/@types/d3-array/index.d.ts(550,15): error TS2304: Cannot find name 'Iterable'.
node_modules/@types/d3-array/index.d.ts(563,15): error TS2304: Cannot find name 'Iterable'.
node_modules/@types/d3-array/index.d.ts(577,15): error TS2304: Cannot find name 'Iterable'.
node_modules/@types/d3-array/index.d.ts(592,15): error TS2304: Cannot find name 'Iterable'.
node_modules/@types/d3-array/index.d.ts(607,15): error TS2304: Cannot find name 'Iterable'.
node_modules/@types/d3-array/index.d.ts(619,15): error TS2304: Cannot find name 'Iterable'.
node_modules/@types/d3-array/index.d.ts(627,15): error TS2304: Cannot find name 'Iterable'.
node_modules/@types/d3-array/index.d.ts(638,33): error TS2304: Cannot find name 'Iterable'.
node_modules/@types/d3-array/index.d.ts(646,15): error TS2304: Cannot find name 'Iterable'.
node_modules/@types/d3-array/index.d.ts(672,5): error TS2370: A rest parameter must be of an array type.
node_modules/@types/d3-array/index.d.ts(672,37): error TS2304: Cannot find name 'Iterable'.
node_modules/@types/d3-array/index.d.ts(699,15): error TS2574: A rest element type must be an array type.
node_modules/@types/d3-array/index.d.ts(699,47): error TS2304: Cannot find name 'Iterable'.
node_modules/@types/d3-array/index.d.ts(705,37): error TS2304: Cannot find name 'Iterable'.
node_modules/@types/d3-array/index.d.ts(705,46): error TS2304: Cannot find name 'Iterable'.
node_modules/@types/d3-array/index.d.ts(713,36): error TS2304: Cannot find name 'Iterable'.
node_modules/@types/d3-array/index.d.ts(722,39): error TS2304: Cannot find name 'Iterable'.
node_modules/@types/d3-array/index.d.ts(731,64): error TS2304: Cannot find name 'Iterable'.
node_modules/@types/d3-array/index.d.ts(737,64): error TS2304: Cannot find name 'Iterable'.
node_modules/@types/d3-array/index.d.ts(869,15): error TS2304: Cannot find name 'Iterable'.
node_modules/@types/d3-array/index.d.ts(870,47): error TS2304: Cannot find name 'Iterable'.
node_modules/@types/d3-array/index.d.ts(879,15): error TS2304: Cannot find name 'Iterable'.
node_modules/@types/d3-array/index.d.ts(880,47): error TS2304: Cannot find name 'Iterable'.
node_modules/@types/d3-array/index.d.ts(888,15): error TS2304: Cannot find name 'Iterable'.
node_modules/@types/d3-array/index.d.ts(889,47): error TS2304: Cannot find name 'Iterable'.
node_modules/@types/d3-array/index.d.ts(896,37): error TS2304: Cannot find name 'Iterable'.
node_modules/@types/d3-array/index.d.ts(896,94): error TS2304: Cannot find name 'Iterable'.
node_modules/@types/d3-array/index.d.ts(903,15): error TS2304: Cannot find name 'Iterable'.
node_modules/@types/d3-array/index.d.ts(904,82): error TS2304: Cannot find name 'Iterable'.
node_modules/@types/d3-array/index.d.ts(912,15): error TS2304: Cannot find name 'Iterable'.
node_modules/@types/d3-array/index.d.ts(913,82): error TS2304: Cannot find name 'Iterable'.
node_modules/@types/d3-array/index.d.ts(921,38): error TS2304: Cannot find name 'Iterable'.
node_modules/@types/d3-array/index.d.ts(928,35): error TS2304: Cannot find name 'Iterable'.
node_modules/@types/d3-array/index.d.ts(935,35): error TS2304: Cannot find name 'Iterable'.
node_modules/@types/d3-array/index.d.ts(944,41): error TS2304: Cannot find name 'Iterable'.
node_modules/@types/d3-array/index.d.ts(944,71): error TS2304: Cannot find name 'Iterable'.
node_modules/@types/d3-array/index.d.ts(950,46): error TS2304: Cannot find name 'Iterable'.
node_modules/@types/d3-array/index.d.ts(956,53): error TS2304: Cannot find name 'Iterable'.
node_modules/@types/d3-array/index.d.ts(961,32): error TS2304: Cannot find name 'Iterable'.
node_modules/@types/d3-array/index.d.ts(961,48): error TS2304: Cannot find name 'Iterable'.
node_modules/@types/d3-array/index.d.ts(966,30): error TS2304: Cannot find name 'Iterable'.
node_modules/@types/d3-array/index.d.ts(966,46): error TS2304: Cannot find name 'Iterable'.
node_modules/@types/d3-array/index.d.ts(971,32): error TS2304: Cannot find name 'Iterable'.
node_modules/@types/d3-array/index.d.ts(971,48): error TS2304: Cannot find name 'Iterable'.
node_modules/@types/d3-array/index.d.ts(1039,24): error TS2304: Cannot find name 'Iterable'.
node_modules/@types/d3-array/index.d.ts(1040,49): error TS2304: Cannot find name 'Iterable'.
node_modules/@types/d3-array/index.d.ts(1111,50): error TS2583: Cannot find name 'Map'. Do you need to change your target library? Try changing the 'lib' compiler option to 'es2015' or later.
node_modules/@types/d3-array/index.d.ts(1117,41): error TS2583: Cannot find name 'Set'. Do you need to change your target library? Try changing the 'lib' compiler option to 'es2015' or later.
node_modules/@types/d3-scale/index.d.ts(75,20): error TS2304: Cannot find name 'Iterable'.
node_modules/@types/d3-scale/index.d.ts(89,18): error TS2304: Cannot find name 'Iterable'.
node_modules/@types/d3-scale/index.d.ts(102,23): error TS2304: Cannot find name 'Iterable'.
node_modules/@types/d3-scale/index.d.ts(267,13): error TS2304: Cannot find name 'Iterable'.
node_modules/@types/d3-scale/index.d.ts(288,13): error TS2304: Cannot find name 'Iterable'.
node_modules/@types/d3-scale/index.d.ts(289,12): error TS2304: Cannot find name 'Iterable'.
node_modules/@types/d3-scale/index.d.ts(396,13): error TS2304: Cannot find name 'Iterable'.
node_modules/@types/d3-scale/index.d.ts(418,13): error TS2304: Cannot find name 'Iterable'.
node_modules/@types/d3-scale/index.d.ts(419,12): error TS2304: Cannot find name 'Iterable'.
node_modules/@types/d3-scale/index.d.ts(443,13): error TS2304: Cannot find name 'Iterable'.
node_modules/@types/d3-scale/index.d.ts(465,13): error TS2304: Cannot find name 'Iterable'.
node_modules/@types/d3-scale/index.d.ts(466,12): error TS2304: Cannot find name 'Iterable'.
node_modules/@types/d3-scale/index.d.ts(521,20): error TS2304: Cannot find name 'Iterable'.
node_modules/@types/d3-scale/index.d.ts(641,13): error TS2304: Cannot find name 'Iterable'.
node_modules/@types/d3-scale/index.d.ts(662,13): error TS2304: Cannot find name 'Iterable'.
node_modules/@types/d3-scale/index.d.ts(663,12): error TS2304: Cannot find name 'Iterable'.
node_modules/@types/d3-scale/index.d.ts(751,13): error TS2304: Cannot find name 'Iterable'.
node_modules/@types/d3-scale/index.d.ts(772,13): error TS2304: Cannot find name 'Iterable'.
node_modules/@types/d3-scale/index.d.ts(773,12): error TS2304: Cannot find name 'Iterable'.
node_modules/@types/d3-scale/index.d.ts(829,20): error TS2304: Cannot find name 'Iterable'.
node_modules/@types/d3-scale/index.d.ts(843,18): error TS2304: Cannot find name 'Iterable'.
node_modules/@types/d3-scale/index.d.ts(911,56): error TS2304: Cannot find name 'Iterable'.
node_modules/@types/d3-scale/index.d.ts(943,13): error TS2304: Cannot find name 'Iterable'.
node_modules/@types/d3-scale/index.d.ts(958,13): error TS2304: Cannot find name 'Iterable'.
node_modules/@types/d3-scale/index.d.ts(959,12): error TS2304: Cannot find name 'Iterable'.
node_modules/@types/d3-scale/index.d.ts(1027,20): error TS2304: Cannot find name 'Iterable'.
node_modules/@types/d3-scale/index.d.ts(1041,18): error TS2304: Cannot find name 'Iterable'.
node_modules/@types/d3-scale/index.d.ts(1054,23): error TS2304: Cannot find name 'Iterable'.
node_modules/@types/d3-scale/index.d.ts(1228,13): error TS2304: Cannot find name 'Iterable'.
node_modules/@types/d3-scale/index.d.ts(1249,13): error TS2304: Cannot find name 'Iterable'.
node_modules/@types/d3-scale/index.d.ts(1250,12): error TS2304: Cannot find name 'Iterable'.
node_modules/@types/d3-scale/index.d.ts(1273,13): error TS2304: Cannot find name 'Iterable'.
node_modules/@types/d3-scale/index.d.ts(1294,13): error TS2304: Cannot find name 'Iterable'.
node_modules/@types/d3-scale/index.d.ts(1295,12): error TS2304: Cannot find name 'Iterable'.
node_modules/@types/d3-scale/index.d.ts(1332,20): error TS2304: Cannot find name 'Iterable'.
node_modules/@types/d3-scale/index.d.ts(1358,18): error TS2304: Cannot find name 'Iterable'.
node_modules/@types/d3-scale/index.d.ts(1366,23): error TS2304: Cannot find name 'Iterable'.
node_modules/@types/d3-scale/index.d.ts(1421,46): error TS2304: Cannot find name 'Iterable'.
node_modules/@types/d3-scale/index.d.ts(1437,13): error TS2304: Cannot find name 'Iterable'.
node_modules/@types/d3-scale/index.d.ts(1438,45): error TS2304: Cannot find name 'Iterable'.
node_modules/@types/d3-scale/index.d.ts(1464,13): error TS2304: Cannot find name 'Iterable'.
node_modules/@types/d3-scale/index.d.ts(1491,13): error TS2304: Cannot find name 'Iterable'.
node_modules/@types/d3-scale/index.d.ts(1518,13): error TS2304: Cannot find name 'Iterable'.
node_modules/@types/d3-scale/index.d.ts(1545,13): error TS2304: Cannot find name 'Iterable'.
node_modules/@types/d3-scale/index.d.ts(1610,13): error TS2304: Cannot find name 'Iterable'.
node_modules/@types/d3-scale/index.d.ts(1649,20): error TS2304: Cannot find name 'Iterable'.
node_modules/@types/d3-scale/index.d.ts(1686,18): error TS2304: Cannot find name 'Iterable'.
node_modules/@types/d3-scale/index.d.ts(1694,23): error TS2304: Cannot find name 'Iterable'.
node_modules/@types/d3-scale/index.d.ts(1729,46): error TS2304: Cannot find name 'Iterable'.
node_modules/@types/d3-scale/index.d.ts(1746,13): error TS2304: Cannot find name 'Iterable'.
node_modules/@types/d3-scale/index.d.ts(1747,45): error TS2304: Cannot find name 'Iterable'.
node_modules/@types/d3-scale/index.d.ts(1773,13): error TS2304: Cannot find name 'Iterable'.
node_modules/@types/d3-scale/index.d.ts(1800,13): error TS2304: Cannot find name 'Iterable'.
node_modules/@types/d3-scale/index.d.ts(1827,13): error TS2304: Cannot find name 'Iterable'.
node_modules/@types/d3-scale/index.d.ts(1854,13): error TS2304: Cannot find name 'Iterable'.
node_modules/@types/d3-scale/index.d.ts(1898,20): error TS2304: Cannot find name 'Iterable'.
node_modules/@types/d3-scale/index.d.ts(1909,18): error TS2304: Cannot find name 'Iterable'.
node_modules/@types/d3-scale/index.d.ts(1985,72): error TS2304: Cannot find name 'Iterable'.
node_modules/@types/d3-scale/index.d.ts(2000,13): error TS2304: Cannot find name 'Iterable'.
node_modules/@types/d3-scale/index.d.ts(2001,12): error TS2304: Cannot find name 'Iterable'.
node_modules/@types/d3-scale/index.d.ts(2047,20): error TS2304: Cannot find name 'Iterable'.
node_modules/@types/d3-scale/index.d.ts(2061,18): error TS2304: Cannot find name 'Iterable'.
node_modules/@types/d3-scale/index.d.ts(2100,72): error TS2304: Cannot find name 'Iterable'.
node_modules/@types/d3-scale/index.d.ts(2113,13): error TS2304: Cannot find name 'Iterable'.
node_modules/@types/d3-scale/index.d.ts(2114,12): error TS2304: Cannot find name 'Iterable'.
node_modules/@types/d3-scale/index.d.ts(2162,20): error TS2304: Cannot find name 'Iterable'.
node_modules/@types/d3-scale/index.d.ts(2175,18): error TS2304: Cannot find name 'Iterable'.
node_modules/@types/d3-scale/index.d.ts(2208,13): error TS2304: Cannot find name 'Iterable'.
node_modules/@types/d3-scale/index.d.ts(2223,13): error TS2304: Cannot find name 'Iterable'.
node_modules/@types/d3-scale/index.d.ts(2224,12): error TS2304: Cannot find name 'Iterable'.
node_modules/@types/d3-scale/index.d.ts(2272,20): error TS2304: Cannot find name 'Iterable'.
node_modules/@types/d3-scale/index.d.ts(2287,18): error TS2304: Cannot find name 'Iterable'.
node_modules/@types/d3-scale/index.d.ts(2319,45): error TS2304: Cannot find name 'Iterable'.
node_modules/@types/d3-scale/index.d.ts(2333,13): error TS2304: Cannot find name 'Iterable'.
node_modules/@types/d3-scale/index.d.ts(2347,13): error TS2304: Cannot find name 'Iterable'.
node_modules/@types/d3-scale/index.d.ts(2348,12): error TS2304: Cannot find name 'Iterable'.
node_modules/@types/d3-scale/index.d.ts(2388,20): error TS2304: Cannot find name 'Iterable'.
node_modules/@types/d3-scale/index.d.ts(2400,18): error TS2304: Cannot find name 'Iterable'.
node_modules/@types/d3-scale/index.d.ts(2410,23): error TS2304: Cannot find name 'Iterable'.
node_modules/@types/d3-scale/index.d.ts(2509,13): error TS2304: Cannot find name 'Iterable'.
node_modules/@types/d3-scale/index.d.ts(2520,13): error TS2304: Cannot find name 'Iterable'.
node_modules/@types/d3-scale/index.d.ts(2521,12): error TS2304: Cannot find name 'Iterable'.
node_modules/@types/d3-scale/index.d.ts(2555,20): error TS2304: Cannot find name 'Iterable'.
node_modules/@types/d3-scale/index.d.ts(2568,18): error TS2304: Cannot find name 'Iterable'.
node_modules/@types/d3-scale/index.d.ts(2578,23): error TS2304: Cannot find name 'Iterable'.
node_modules/@types/d3-scale/index.d.ts(2655,13): error TS2304: Cannot find name 'Iterable'.
node_modules/@types/d3-scale/index.d.ts(2667,13): error TS2304: Cannot find name 'Iterable'.
node_modules/@types/d3-scale/index.d.ts(2668,12): error TS2304: Cannot find name 'Iterable'.
node_modules/@types/d3-shape/index.d.ts(627,12): error TS2304: Cannot find name 'Iterable'.
node_modules/@types/d3-shape/index.d.ts(637,12): error TS2304: Cannot find name 'Iterable'.
node_modules/@types/d3-shape/index.d.ts(789,12): error TS2304: Cannot find name 'Iterable'.
node_modules/@types/d3-shape/index.d.ts(799,12): error TS2304: Cannot find name 'Iterable'.
node_modules/@types/d3-shape/index.d.ts(975,12): error TS2304: Cannot find name 'Iterable'.
node_modules/@types/d3-shape/index.d.ts(985,12): error TS2304: Cannot find name 'Iterable'.
node_modules/@types/d3-shape/index.d.ts(1244,12): error TS2304: Cannot find name 'Iterable'.
node_modules/@types/d3-shape/index.d.ts(1253,12): error TS2304: Cannot find name 'Iterable'.
node_modules/@types/d3-shape/index.d.ts(2485,12): error TS2304: Cannot find name 'Iterable'.
node_modules/@types/d3-shape/index.d.ts(2497,16): error TS2304: Cannot find name 'Iterable'.
node_modules/@types/d3-shape/index.d.ts(2522,46): error TS2304: Cannot find name 'Iterable'.
node_modules/@types/d3-shape/index.d.ts(2526,25): error TS2304: Cannot find name 'Iterable'.
node_modules/@types/d3-shape/index.d.ts(2537,50): error TS2304: Cannot find name 'Iterable'.
node_modules/@types/d3-shape/index.d.ts(2647,70): error TS2304: Cannot find name 'Iterable'.
node_modules/@types/d3-shape/index.d.ts(2655,73): error TS2304: Cannot find name 'Iterable'.
node_modules/@types/d3-shape/index.d.ts(2663,68): error TS2304: Cannot find name 'Iterable'.
node_modules/@types/d3-shape/index.d.ts(2671,74): error TS2304: Cannot find name 'Iterable'.
node_modules/@types/d3-shape/index.d.ts(2680,70): error TS2304: Cannot find name 'Iterable'.
node_modules/@types/react/index.d.ts(48,7): error TS2304: Cannot find name 'Iterable'.
node_modules/@types/react/index.d.ts(436,10): error TS2456: Type alias 'ReactNode' circularly references itself.
node_modules/@types/react/index.d.ts(441,11): error TS2304: Cannot find name 'Iterable'.
node_modules/axios/index.d.ts(127,3): error TS1165: A computed property name in an ambient context must refer to an expression whose type is a literal type or a 'unique symbol' type.
node_modules/axios/index.d.ts(127,4): error TS2585: 'Symbol' only refers to a type, but is being used as a value here. Do you need to change your target library? Try changing the 'lib' compiler option to es2015 or later.
node_modules/axios/index.d.ts(127,24): error TS2304: Cannot find name 'IterableIterator'.
node_modules/immer/dist/immer.d.ts(31,35): error TS2583: Cannot find name 'WeakMap'. Do you need to change your target library? Try changing the 'lib' compiler option to 'es2015' or later.
node_modules/immer/dist/immer.d.ts(31,68): error TS2583: Cannot find name 'WeakSet'. Do you need to change your target library? Try changing the 'lib' compiler option to 'es2015' or later.
node_modules/immer/dist/immer.d.ts(36,86): error TS2304: Cannot find name 'ReadonlyMap'.
node_modules/immer/dist/immer.d.ts(36,118): error TS2583: Cannot find name 'Map'. Do you need to change your target library? Try changing the 'lib' compiler option to 'es2015' or later.
node_modules/immer/dist/immer.d.ts(36,154): error TS2304: Cannot find name 'ReadonlySet'.
node_modules/immer/dist/immer.d.ts(36,177): error TS2583: Cannot find name 'Set'. Do you need to change your target library? Try changing the 'lib' compiler option to 'es2015' or later.
node_modules/immer/dist/immer.d.ts(38,90): error TS2304: Cannot find name 'ReadonlyMap'.
node_modules/immer/dist/immer.d.ts(38,122): error TS2304: Cannot find name 'ReadonlyMap'.
node_modules/immer/dist/immer.d.ts(38,174): error TS2304: Cannot find name 'ReadonlySet'.
node_modules/immer/dist/immer.d.ts(38,197): error TS2304: Cannot find name 'ReadonlySet'.
node_modules/immer/dist/immer.d.ts(116,15): error TS2583: Cannot find name 'Set'. Do you need to change your target library? Try changing the 'lib' compiler option to 'es2015' or later.
node_modules/immer/dist/immer.d.ts(117,15): error TS2583: Cannot find name 'Map'. Do you need to change your target library? Try changing the 'lib' compiler option to 'es2015' or later.
node_modules/react-router-dom/dist/index.d.ts(1,69): error TS2307: Cannot find module 'react-router/dom' or its corresponding type declarations.
  There are types at 'D:/AztechFiles/Aztech_NewSite/client/node_modules/react-router/dist/development/dom-export.d.mts', but this result could not be resolved under your current 'moduleResolution' setting. Consider updating to 'node16', 'nodenext', or 'bundler'.
node_modules/react-router/dist/development/index-react-server-client-1TI9M9o1.d.ts(27,81): error TS2583: Cannot find name 'Set'. Do you need to change your target library? Try changing the 'lib' compiler option to 'es2015' or later.
node_modules/react-router/dist/development/index-react-server-client-1TI9M9o1.d.ts(28,284): error TS2583: Cannot find name 'Set'. Do you need to change your target library? Try changing the 'lib' compiler option to 'es2015' or later.
node_modules/react-router/dist/development/index.d.ts(4,8): error TS1259: Module '"D:/AztechFiles/Aztech_NewSite/client/node_modules/@types/react/index"' can only be default-imported using the 'esModuleInterop' flag
node_modules/react-router/dist/development/index.d.ts(1357,63): error TS2304: Cannot find name 'Iterable'.
node_modules/react-router/dist/development/instrumentation-DvHY1sgY.d.ts(408,5): error TS18028: Private identifiers are only available when targeting ECMAScript 2015 and higher.
node_modules/react-router/dist/development/instrumentation-DvHY1sgY.d.ts(413,24): error TS2583: Cannot find name 'Map'. Do you need to change your target library? Try changing the 'lib' compiler option to 'es2015' or later.
node_modules/react-router/dist/development/instrumentation-DvHY1sgY.d.ts(1319,32): error TS2583: Cannot find name 'Map'. Do you need to change your target library? Try changing the 'lib' compiler option to 'es2015' or later.
node_modules/react-router/dist/development/instrumentation-DvHY1sgY.d.ts(1377,15): error TS2583: Cannot find name 'Map'. Do you need to change your target library? Try changing the 'lib' compiler option to 'es2015' or later.
node_modules/react-router/dist/development/instrumentation-DvHY1sgY.d.ts(1381,15): error TS2583: Cannot find name 'Map'. Do you need to change your target library? Try changing the 'lib' compiler option to 'es2015' or later.
node_modules/react-router/dist/development/instrumentation-DvHY1sgY.d.ts(2725,30): error TS2583: Cannot find name 'Map'. Do you need to change your target library? Try changing the 'lib' compiler option to 'es2015' or later.
node_modules/react-router/dist/development/instrumentation-DvHY1sgY.d.ts(2891,6): error TS2456: Type alias 'Serializable' circularly references itself.
node_modules/react-router/dist/development/instrumentation-DvHY1sgY.d.ts(2893,44): error TS2583: Cannot find name 'Map'. Do you need to change your target library? Try changing the 'lib' compiler option to 'es2015' or later.
node_modules/react-router/dist/development/instrumentation-DvHY1sgY.d.ts(2893,78): error TS2583: Cannot find name 'Set'. Do you need to change your target library? Try changing the 'lib' compiler option to 'es2015' or later.
node_modules/react-router/dist/development/instrumentation-DvHY1sgY.d.ts(2935,214): error TS2583: Cannot find name 'Map'. Do you need to change your target library? Try changing the 'lib' compiler option to 'es2015' or later.
node_modules/react-router/dist/development/instrumentation-DvHY1sgY.d.ts(2935,238): error TS2583: Cannot find name 'Map'. Do you need to change your target library? Try changing the 'lib' compiler option to 'es2015' or later.
node_modules/react-router/dist/development/instrumentation-DvHY1sgY.d.ts(2935,282): error TS2304: Cannot find name 'ReadonlyMap'.
node_modules/react-router/dist/development/instrumentation-DvHY1sgY.d.ts(2935,314): error TS2304: Cannot find name 'ReadonlyMap'.
node_modules/react-router/dist/development/instrumentation-DvHY1sgY.d.ts(2935,366): error TS2583: Cannot find name 'Set'. Do you need to change your target library? Try changing the 'lib' compiler option to 'es2015' or later.
node_modules/react-router/dist/development/instrumentation-DvHY1sgY.d.ts(2935,381): error TS2583: Cannot find name 'Set'. Do you need to change your target library? Try changing the 'lib' compiler option to 'es2015' or later.
node_modules/react-router/dist/development/instrumentation-DvHY1sgY.d.ts(2935,411): error TS2304: Cannot find name 'ReadonlySet'.
node_modules/react-router/dist/development/instrumentation-DvHY1sgY.d.ts(2935,434): error TS2304: Cannot find name 'ReadonlySet'.
node_modules/redux/dist/redux.d.ts(190,5): error TS1170: A computed property name in a type literal must refer to an expression whose type is a literal type or a 'unique symbol' type.
node_modules/redux/dist/redux.d.ts(190,6): error TS2585: 'Symbol' only refers to a type, but is being used as a value here. Do you need to change your target library? Try changing the 'lib' compiler option to es2015 or later.
node_modules/redux/dist/redux.d.ts(283,5): error TS1169: A computed property name in an interface must refer to an expression whose type is a literal type or a 'unique symbol' type.
node_modules/redux/dist/redux.d.ts(283,6): error TS2585: 'Symbol' only refers to a type, but is being used as a value here. Do you need to change your target library? Try changing the 'lib' compiler option to es2015 or later.
node_modules/sweetalert2/sweetalert2.d.ts(1126,32): error TS2304: Cannot find name 'ReadonlyMap'.
src/pages/Inventory.tsx(14,25): error TS6142: Module '../context/AuthContext' was resolved to 'D:/AztechFiles/Aztech_NewSite/client/src/context/AuthContext.tsx', but '--jsx' is not set.
src/pages/Inventory.tsx(60,28): error TS2705: An async function or method in ES5 requires the 'Promise' constructor.  Make sure you have a declaration for the 'Promise' constructor or include 'ES2015' in your '--lib' option.
src/pages/Inventory.tsx(92,29): error TS2705: An async function or method in ES5 requires the 'Promise' constructor.  Make sure you have a declaration for the 'Promise' constructor or include 'ES2015' in your '--lib' option.
src/pages/Inventory.tsx(101,27): error TS2705: An async function or method in ES5 requires the 'Promise' constructor.  Make sure you have a declaration for the 'Promise' constructor or include 'ES2015' in your '--lib' option.
src/pages/Inventory.tsx(300,37): error TS2705: An async function or method in ES5 requires the 'Promise' constructor.  Make sure you have a declaration for the 'Promise' constructor or include 'ES2015' in your '--lib' option.
src/pages/Inventory.tsx(580,83): error TS2550: Property 'includes' does not exist on type 'string'. Do you need to change your target library? Try changing the 'lib' compiler option to 'es2015' or later.
src/pages/Inventory.tsx(623,50): error TS2550: Property 'find' does not exist on type 'Product[]'. Do you need to change your target library? Try changing the 'lib' compiler option to 'es2015' or later.
src/pages/Inventory.tsx(627,56): error TS2550: Property 'find' does not exist on type '{ productId: number; name: string; price: number; quantity: number; }[]'. Do you need to change your target library? Try changing the 'lib' compiler option to 'es2015' or later.
src/pages/Inventory.tsx(814,38): error TS2705: An async function or method in ES5 requires the 'Promise' constructor.  Make sure you have a declaration for the 'Promise' constructor or include 'ES2015' in your '--lib' option.
src/pages/Inventory.tsx(1114,106): error TS2550: Property 'includes' does not exist on type 'string'. Do you need to change your target library? Try changing the 'lib' compiler option to 'es2015' or later.
src/pages/Inventory.tsx(1155,55): error TS2550: Property 'find' does not exist on type 'Product[]'. Do you need to change your target library? Try changing the 'lib' compiler option to 'es2015' or later.
src/pages/Inventory.tsx(1159,56): error TS2550: Property 'find' does not exist on type '{ productId: number; name: string; price: number; quantity: number; }[]'. Do you need to change your target library? Try changing the 'lib' compiler option to 'es2015' or later.
src/pages/Inventory.tsx(1363,47): error TS2550: Property 'fill' does not exist on type 'any[]'. Do you need to change your target library? Try changing the 'lib' compiler option to 'es2015' or later.
src/pages/Inventory.tsx(1401,27): error TS2705: An async function or method in ES5 requires the 'Promise' constructor.  Make sure you have a declaration for the 'Promise' constructor or include 'ES2015' in your '--lib' option.
src/pages/Inventory.tsx(1441,35): error TS2705: An async function or method in ES5 requires the 'Promise' constructor.  Make sure you have a declaration for the 'Promise' constructor or include 'ES2015' in your '--lib' option.
src/pages/Inventory.tsx(1485,31): error TS2705: An async function or method in ES5 requires the 'Promise' constructor.  Make sure you have a declaration for the 'Promise' constructor or include 'ES2015' in your '--lib' option.
src/pages/Inventory.tsx(1520,39): error TS2705: An async function or method in ES5 requires the 'Promise' constructor.  Make sure you have a declaration for the 'Promise' constructor or include 'ES2015' in your '--lib' option.
src/pages/Inventory.tsx(1586,31): error TS2705: An async function or method in ES5 requires the 'Promise' constructor.  Make sure you have a declaration for the 'Promise' constructor or include 'ES2015' in your '--lib' option.
src/pages/Inventory.tsx(1696,25): error TS2705: An async function or method in ES5 requires the 'Promise' constructor.  Make sure you have a declaration for the 'Promise' constructor or include 'ES2015' in your '--lib' option.
src/pages/Inventory.tsx(1726,30): error TS2705: An async function or method in ES5 requires the 'Promise' constructor.  Make sure you have a declaration for the 'Promise' constructor or include 'ES2015' in your '--lib' option.
src/pages/Inventory.tsx(1744,54): error TS2345: Argument of type 'unknown' is not assignable to parameter of type 'object'.
src/pages/Inventory.tsx(1807,34): error TS2705: An async function or method in ES5 requires the 'Promise' constructor.  Make sure you have a declaration for the 'Promise' constructor or include 'ES2015' in your '--lib' option.
src/pages/Inventory.tsx(1906,9): error TS17004: Cannot use JSX unless the '--jsx' flag is provided.
src/pages/Inventory.tsx(1907,13): error TS17004: Cannot use JSX unless the '--jsx' flag is provided.
src/pages/Inventory.tsx(1908,17): error TS17004: Cannot use JSX unless the '--jsx' flag is provided.
src/pages/Inventory.tsx(1909,21): error TS17004: Cannot use JSX unless the '--jsx' flag is provided.
src/pages/Inventory.tsx(1910,21): error TS17004: Cannot use JSX unless the '--jsx' flag is provided.
src/pages/Inventory.tsx(1912,17): error TS17004: Cannot use JSX unless the '--jsx' flag is provided.
src/pages/Inventory.tsx(1913,21): error TS17004: Cannot use JSX unless the '--jsx' flag is provided.
src/pages/Inventory.tsx(1914,25): error TS17004: Cannot use JSX unless the '--jsx' flag is provided.
src/pages/Inventory.tsx(1916,21): error TS17004: Cannot use JSX unless the '--jsx' flag is provided.
src/pages/Inventory.tsx(1917,25): error TS17004: Cannot use JSX unless the '--jsx' flag is provided.
src/pages/Inventory.tsx(1919,21): error TS17004: Cannot use JSX unless the '--jsx' flag is provided.
src/pages/Inventory.tsx(1920,25): error TS17004: Cannot use JSX unless the '--jsx' flag is provided.
src/pages/Inventory.tsx(1923,25): error TS17004: Cannot use JSX unless the '--jsx' flag is provided.
src/pages/Inventory.tsx(1924,29): error TS17004: Cannot use JSX unless the '--jsx' flag is provided.
src/pages/Inventory.tsx(1928,25): error TS17004: Cannot use JSX unless the '--jsx' flag is provided.
src/pages/Inventory.tsx(1929,29): error TS17004: Cannot use JSX unless the '--jsx' flag is provided.
src/pages/Inventory.tsx(1935,13): error TS17004: Cannot use JSX unless the '--jsx' flag is provided.
src/pages/Inventory.tsx(1936,17): error TS17004: Cannot use JSX unless the '--jsx' flag is provided.
src/pages/Inventory.tsx(1948,17): error TS17004: Cannot use JSX unless the '--jsx' flag is provided.
src/pages/Inventory.tsx(1963,17): error TS17004: Cannot use JSX unless the '--jsx' flag is provided.
src/pages/Inventory.tsx(1964,21): error TS17004: Cannot use JSX unless the '--jsx' flag is provided.
src/pages/Inventory.tsx(1965,25): error TS17004: Cannot use JSX unless the '--jsx' flag is provided.
src/pages/Inventory.tsx(1966,29): error TS17004: Cannot use JSX unless the '--jsx' flag is provided.
src/pages/Inventory.tsx(1967,29): error TS17004: Cannot use JSX unless the '--jsx' flag is provided.
src/pages/Inventory.tsx(1969,25): error TS17004: Cannot use JSX unless the '--jsx' flag is provided.
src/pages/Inventory.tsx(1971,21): error TS17004: Cannot use JSX unless the '--jsx' flag is provided.
src/pages/Inventory.tsx(1972,25): error TS17004: Cannot use JSX unless the '--jsx' flag is provided.
src/pages/Inventory.tsx(1973,29): error TS17004: Cannot use JSX unless the '--jsx' flag is provided.
src/pages/Inventory.tsx(1974,33): error TS17004: Cannot use JSX unless the '--jsx' flag is provided.
src/pages/Inventory.tsx(1975,37): error TS17004: Cannot use JSX unless the '--jsx' flag is provided.
src/pages/Inventory.tsx(1976,41): error TS17004: Cannot use JSX unless the '--jsx' flag is provided.
src/pages/Inventory.tsx(1977,41): error TS17004: Cannot use JSX unless the '--jsx' flag is provided.
src/pages/Inventory.tsx(1980,33): error TS17004: Cannot use JSX unless the '--jsx' flag is provided.
src/pages/Inventory.tsx(1981,33): error TS17004: Cannot use JSX unless the '--jsx' flag is provided.
src/pages/Inventory.tsx(1982,33): error TS17004: Cannot use JSX unless the '--jsx' flag is provided.
src/pages/Inventory.tsx(1983,33): error TS17004: Cannot use JSX unless the '--jsx' flag is provided.
src/pages/Inventory.tsx(1989,33): error TS17004: Cannot use JSX unless the '--jsx' flag is provided.
src/pages/Inventory.tsx(1996,13): error TS17004: Cannot use JSX unless the '--jsx' flag is provided.
src/pages/Inventory.tsx(1997,17): error TS17004: Cannot use JSX unless the '--jsx' flag is provided.
src/pages/Inventory.tsx(1998,21): error TS17004: Cannot use JSX unless the '--jsx' flag is provided.
src/pages/Inventory.tsx(1999,21): error TS17004: Cannot use JSX unless the '--jsx' flag is provided.
src/pages/Inventory.tsx(2000,25): error TS17004: Cannot use JSX unless the '--jsx' flag is provided.
src/pages/Inventory.tsx(2001,25): error TS17004: Cannot use JSX unless the '--jsx' flag is provided.
src/pages/Inventory.tsx(2004,17): error TS17004: Cannot use JSX unless the '--jsx' flag is provided.
src/pages/Inventory.tsx(2005,21): error TS17004: Cannot use JSX unless the '--jsx' flag is provided.
src/pages/Inventory.tsx(2006,21): error TS17004: Cannot use JSX unless the '--jsx' flag is provided.
src/pages/Inventory.tsx(2007,25): error TS17004: Cannot use JSX unless the '--jsx' flag is provided.
src/pages/Inventory.tsx(2008,25): error TS17004: Cannot use JSX unless the '--jsx' flag is provided.
src/pages/Inventory.tsx(2011,17): error TS17004: Cannot use JSX unless the '--jsx' flag is provided.
src/pages/Inventory.tsx(2012,21): error TS17004: Cannot use JSX unless the '--jsx' flag is provided.
src/pages/Inventory.tsx(2013,21): error TS17004: Cannot use JSX unless the '--jsx' flag is provided.
src/pages/Inventory.tsx(2014,25): error TS17004: Cannot use JSX unless the '--jsx' flag is provided.
src/pages/Inventory.tsx(2015,25): error TS17004: Cannot use JSX unless the '--jsx' flag is provided.
src/pages/Inventory.tsx(2020,13): error TS17004: Cannot use JSX unless the '--jsx' flag is provided.
src/pages/Inventory.tsx(2021,17): error TS17004: Cannot use JSX unless the '--jsx' flag is provided.
src/pages/Inventory.tsx(2022,21): error TS17004: Cannot use JSX unless the '--jsx' flag is provided.
src/pages/Inventory.tsx(2023,21): error TS17004: Cannot use JSX unless the '--jsx' flag is provided.
src/pages/Inventory.tsx(2025,17): error TS17004: Cannot use JSX unless the '--jsx' flag is provided.
src/pages/Inventory.tsx(2026,21): error TS17004: Cannot use JSX unless the '--jsx' flag is provided.
src/pages/Inventory.tsx(2027,25): error TS17004: Cannot use JSX unless the '--jsx' flag is provided.
src/pages/Inventory.tsx(2028,25): error TS17004: Cannot use JSX unless the '--jsx' flag is provided.
src/pages/Inventory.tsx(2029,29): error TS17004: Cannot use JSX unless the '--jsx' flag is provided.
src/pages/Inventory.tsx(2030,54): error TS17004: Cannot use JSX unless the '--jsx' flag is provided.
src/pages/Inventory.tsx(2033,21): error TS17004: Cannot use JSX unless the '--jsx' flag is provided.
src/pages/Inventory.tsx(2034,25): error TS17004: Cannot use JSX unless the '--jsx' flag is provided.
src/pages/Inventory.tsx(2035,25): error TS17004: Cannot use JSX unless the '--jsx' flag is provided.
src/pages/Inventory.tsx(2036,29): error TS17004: Cannot use JSX unless the '--jsx' flag is provided.
src/pages/Inventory.tsx(2037,29): error TS17004: Cannot use JSX unless the '--jsx' flag is provided.
src/pages/Inventory.tsx(2038,29): error TS17004: Cannot use JSX unless the '--jsx' flag is provided.
src/pages/Inventory.tsx(2039,29): error TS17004: Cannot use JSX unless the '--jsx' flag is provided.
src/pages/Inventory.tsx(2040,29): error TS17004: Cannot use JSX unless the '--jsx' flag is provided.
src/pages/Inventory.tsx(2041,29): error TS17004: Cannot use JSX unless the '--jsx' flag is provided.
src/pages/Inventory.tsx(2048,17): error TS17004: Cannot use JSX unless the '--jsx' flag is provided.
src/pages/Inventory.tsx(2048,52): error TS17004: Cannot use JSX unless the '--jsx' flag is provided.
src/pages/Inventory.tsx(2050,17): error TS17004: Cannot use JSX unless the '--jsx' flag is provided.
src/pages/Inventory.tsx(2051,21): error TS17004: Cannot use JSX unless the '--jsx' flag is provided.
src/pages/Inventory.tsx(2052,25): error TS17004: Cannot use JSX unless the '--jsx' flag is provided.
src/pages/Inventory.tsx(2053,29): error TS17004: Cannot use JSX unless the '--jsx' flag is provided.
src/pages/Inventory.tsx(2054,33): error TS17004: Cannot use JSX unless the '--jsx' flag is provided.
src/pages/Inventory.tsx(2055,37): error TS17004: Cannot use JSX unless the '--jsx' flag is provided.
src/pages/Inventory.tsx(2056,41): error TS17004: Cannot use JSX unless the '--jsx' flag is provided.
src/pages/Inventory.tsx(2057,134): error TS17004: Cannot use JSX unless the '--jsx' flag is provided.
src/pages/Inventory.tsx(2057,186): error TS17004: Cannot use JSX unless the '--jsx' flag is provided.
src/pages/Inventory.tsx(2060,37): error TS17004: Cannot use JSX unless the '--jsx' flag is provided.
src/pages/Inventory.tsx(2061,37): error TS17004: Cannot use JSX unless the '--jsx' flag is provided.
src/pages/Inventory.tsx(2062,37): error TS17004: Cannot use JSX unless the '--jsx' flag is provided.
src/pages/Inventory.tsx(2063,37): error TS17004: Cannot use JSX unless the '--jsx' flag is provided.
src/pages/Inventory.tsx(2064,37): error TS17004: Cannot use JSX unless the '--jsx' flag is provided.
src/pages/Inventory.tsx(2065,37): error TS17004: Cannot use JSX unless the '--jsx' flag is provided.
src/pages/Inventory.tsx(2066,37): error TS17004: Cannot use JSX unless the '--jsx' flag is provided.
src/pages/Inventory.tsx(2067,37): error TS17004: Cannot use JSX unless the '--jsx' flag is provided.
src/pages/Inventory.tsx(2070,29): error TS17004: Cannot use JSX unless the '--jsx' flag is provided.
src/pages/Inventory.tsx(2072,37): error TS17004: Cannot use JSX unless the '--jsx' flag is provided.
src/pages/Inventory.tsx(2072,89): error TS2550: Property 'includes' does not exist on type 'number[]'. Do you need to change your target library? Try changing the 'lib' compiler option to 'es2016' or later.
src/pages/Inventory.tsx(2073,41): error TS17004: Cannot use JSX unless the '--jsx' flag is provided.
src/pages/Inventory.tsx(2074,45): error TS17004: Cannot use JSX unless the '--jsx' flag is provided.
src/pages/Inventory.tsx(2074,107): error TS2550: Property 'includes' does not exist on type 'number[]'. Do you need to change your target library? Try changing the 'lib' compiler option to 'es2016' or later.
src/pages/Inventory.tsx(2075,62): error TS2550: Property 'includes' does not exist on type 'number[]'. Do you need to change your target library? Try changing the 'lib' compiler option to 'es2016' or later.
src/pages/Inventory.tsx(2075,85): error TS17004: Cannot use JSX unless the '--jsx' flag is provided.
src/pages/Inventory.tsx(2075,137): error TS17004: Cannot use JSX unless the '--jsx' flag is provided.
src/pages/Inventory.tsx(2078,41): error TS17004: Cannot use JSX unless the '--jsx' flag is provided.
src/pages/Inventory.tsx(2079,41): error TS17004: Cannot use JSX unless the '--jsx' flag is provided.
src/pages/Inventory.tsx(2080,45): error TS17004: Cannot use JSX unless the '--jsx' flag is provided.
src/pages/Inventory.tsx(2081,69): error TS17004: Cannot use JSX unless the '--jsx' flag is provided.
src/pages/Inventory.tsx(2081,147): error TS17004: Cannot use JSX unless the '--jsx' flag is provided.
src/pages/Inventory.tsx(2081,190): error TS17004: Cannot use JSX unless the '--jsx' flag is provided.
src/pages/Inventory.tsx(2082,49): error TS17004: Cannot use JSX unless the '--jsx' flag is provided.
src/pages/Inventory.tsx(2083,53): error TS17004: Cannot use JSX unless the '--jsx' flag is provided.
src/pages/Inventory.tsx(2084,53): error TS17004: Cannot use JSX unless the '--jsx' flag is provided.
src/pages/Inventory.tsx(2085,80): error TS17004: Cannot use JSX unless the '--jsx' flag is provided.
src/pages/Inventory.tsx(2086,85): error TS17004: Cannot use JSX unless the '--jsx' flag is provided.
src/pages/Inventory.tsx(2091,41): error TS17004: Cannot use JSX unless the '--jsx' flag is provided.
src/pages/Inventory.tsx(2092,41): error TS17004: Cannot use JSX unless the '--jsx' flag is provided.
src/pages/Inventory.tsx(2093,45): error TS17004: Cannot use JSX unless the '--jsx' flag is provided.
src/pages/Inventory.tsx(2095,41): error TS17004: Cannot use JSX unless the '--jsx' flag is provided.
src/pages/Inventory.tsx(2095,103): error TS17004: Cannot use JSX unless the '--jsx' flag is provided.
src/pages/Inventory.tsx(2095,193): error TS17004: Cannot use JSX unless the '--jsx' flag is provided.
src/pages/Inventory.tsx(2096,41): error TS17004: Cannot use JSX unless the '--jsx' flag is provided.
src/pages/Inventory.tsx(2097,41): error TS17004: Cannot use JSX unless the '--jsx' flag is provided.
src/pages/Inventory.tsx(2098,41): error TS17004: Cannot use JSX unless the '--jsx' flag is provided.
src/pages/Inventory.tsx(2099,45): error TS17004: Cannot use JSX unless the '--jsx' flag is provided.
src/pages/Inventory.tsx(2100,49): error TS17004: Cannot use JSX unless the '--jsx' flag is provided.
src/pages/Inventory.tsx(2100,143): error TS17004: Cannot use JSX unless the '--jsx' flag is provided.
src/pages/Inventory.tsx(2101,49): error TS17004: Cannot use JSX unless the '--jsx' flag is provided.
src/pages/Inventory.tsx(2101,147): error TS17004: Cannot use JSX unless the '--jsx' flag is provided.
src/pages/Inventory.tsx(2103,53): error TS17004: Cannot use JSX unless the '--jsx' flag is provided.
src/pages/Inventory.tsx(2104,57): error TS17004: Cannot use JSX unless the '--jsx' flag is provided.
src/pages/Inventory.tsx(2104,152): error TS17004: Cannot use JSX unless the '--jsx' flag is provided.
src/pages/Inventory.tsx(2105,57): error TS17004: Cannot use JSX unless the '--jsx' flag is provided.
src/pages/Inventory.tsx(2105,185): error TS17004: Cannot use JSX unless the '--jsx' flag is provided.
src/pages/Inventory.tsx(2108,53): error TS17004: Cannot use JSX unless the '--jsx' flag is provided.
src/pages/Inventory.tsx(2109,57): error TS17004: Cannot use JSX unless the '--jsx' flag is provided.
src/pages/Inventory.tsx(2109,178): error TS17004: Cannot use JSX unless the '--jsx' flag is provided.
src/pages/Inventory.tsx(2110,57): error TS17004: Cannot use JSX unless the '--jsx' flag is provided.
src/pages/Inventory.tsx(2110,193): error TS17004: Cannot use JSX unless the '--jsx' flag is provided.
src/pages/Inventory.tsx(2122,25): error TS17004: Cannot use JSX unless the '--jsx' flag is provided.
src/pages/Inventory.tsx(2123,29): error TS17004: Cannot use JSX unless the '--jsx' flag is provided.
src/pages/Inventory.tsx(2131,29): error TS17004: Cannot use JSX unless the '--jsx' flag is provided.
src/pages/Inventory.tsx(2132,38): error TS17004: Cannot use JSX unless the '--jsx' flag is provided.
src/pages/Inventory.tsx(2132,106): error TS17004: Cannot use JSX unless the '--jsx' flag is provided.
src/pages/Inventory.tsx(2133,33): error TS17004: Cannot use JSX unless the '--jsx' flag is provided.
src/pages/Inventory.tsx(2135,33): error TS17004: Cannot use JSX unless the '--jsx' flag is provided.
src/pages/Inventory.tsx(2171,29): error TS17004: Cannot use JSX unless the '--jsx' flag is provided.
src/pages/Inventory.tsx(2185,17): error TS17004: Cannot use JSX unless the '--jsx' flag is provided.
src/pages/Inventory.tsx(2186,21): error TS17004: Cannot use JSX unless the '--jsx' flag is provided.
src/pages/Inventory.tsx(2187,21): error TS17004: Cannot use JSX unless the '--jsx' flag is provided.
src/pages/Inventory.tsx(2188,25): error TS17004: Cannot use JSX unless the '--jsx' flag is provided.
src/pages/Inventory.tsx(2189,25): error TS17004: Cannot use JSX unless the '--jsx' flag is provided.
src/pages/Inventory.tsx(2193,29): error TS17004: Cannot use JSX unless the '--jsx' flag is provided.
